hal_lcd.c:15:24:HAL_LCD_DWT_Delay_Init	4	static,ignoring_inline_asm
hal_lcd.c:42:13:HAL_LCD_Delay_us	24	static
hal_lcd.c:53:20:HAL_LCD_PulseEnable	8	static
hal_lcd.c:62:13:HAL_LCD_Write4bits	16	static
hal_lcd.c:74:13:HAL_LCD_Write8bits	16	static
hal_lcd.c:94:13:HA_LCD_Send	16	static
hal_lcd.c:105:13:HAL_LCD_InitPin	40	static
hal_lcd.c:113:20:HAL_LCD_SetPos	24	static
hal_lcd.c:126:6:HAL_LCD_Command	16	static
hal_lcd.c:131:6:HAL_LCD_Data	16	static
hal_lcd.c:136:6:HAL_LCD_Initialize	16	static
hal_lcd.c:232:6:HAL_LCD_Clear	8	static
hal_lcd.c:237:6:HAL_LCD_Home	8	static
hal_lcd.c:243:6:HAL_LCD_NoDisplay	8	static
hal_lcd.c:247:6:HAL_LCD_Display	8	static
hal_lcd.c:252:6:HAL_LCD_Mode	24	static
hal_lcd.c:260:6:HA_LCD_Delete	16	static
hal_lcd.c:267:6:HAL_LCD_Char	16	static
hal_lcd.c:275:6:HAL_LCD_String	16	static
hal_lcd.c:281:6:HAL_LCD_ConstString	40	static
hal_lcd.c:287:6:HAL_LCD_Position	16	static
hal_lcd.c:294:6:HAL_LCD_Update	24	static
